Script started on 2020-11-06 13:27:54+0530
]0;ashna@ashna-aspire-e1-531: ~/s5lab[01;32mashna@ashna-aspire-e1-531[00m:[01;34m~/s5lab[00m$ mysql -u root -p
Enter password: 
Welcome to the MySQL monitor.  Commands end with ; or \g.
Your MySQL connection id is 5
Server version: 5.7.31-0ubuntu0.18.04.1 (Ubuntu)

Copyright (c) 2000, 2020, Oracle and/or its affiliates. All rights reserved.

Oracle is a registered trademark of Oracle Corporation and/or its
affiliates. Other names may be trademarks of their respective
owners.

Type 'help;' or '\h' for help. Type '\c' to clear the current input statement.

mysql> EXITSHOW DATABASES;
+--------------------+
| Database           |
+--------------------+
| information_schema |
| mysql              |
| performance_schema |
| sys                |
+--------------------+
4 rows in set (0.00 sec)

mysql> CREATE DATABASE lab;
Query OK, 1 row affected (0.13 sec)

mysql> CREATE DATABASE lab;[8GSHOW DATABASES;[K
+--------------------+
| Database           |
+--------------------+
| information_schema |
| lab                |
| mysql              |
| performance_schema |
| sys                |
+--------------------+
5 rows in set (0.00 sec)

mysql> USE lab;
Database changed
mysql> CREATE TABLE student(
    -> sno INT AUTO_INCREMENT PRIMARY KEY,
    -> name VARCHAR(50) NOT NULL,
    -> marks INT NOT NULL,
    -> dept VARCHAR(20) NOT NULL);
Query OK, 0 rows affected (2.03 sec)

mysql> DESCRIBE student;
+-------+-------------+------+-----+---------+----------------+
| Field | Type        | Null | Key | Default | Extra          |
+-------+-------------+------+-----+---------+----------------+
| sno   | int(11)     | NO   | PRI | NULL    | auto_increment |
| name  | varchar(50) | NO   |     | NULL    |                |
| marks | int(11)     | NO   |     | NULL    |                |
| dept  | varchar(20) | NO   |     | NULL    |                |
+-------+-------------+------+-----+---------+----------------+
4 rows in set (0.18 sec)

mysql> ALTER TABLE student ADD COLUMN age INT NOT NULL;
Query OK, 0 rows affected (1.44 sec)
Records: 0  Duplicates: 0  Warnings: 0

mysql> ALTER TABLE student MODIFY COLUMN dept VARCHAR(10); 
Query OK, 0 rows affected (1.37 sec)
Records: 0  Duplicates: 0  Warnings: 0

mysql> ALTER TABLE student DROP COLUMN marks;
Query OK, 0 rows affected (0.86 sec)
Records: 0  Duplicates: 0  Warnings: 0

mysql> RENAME TABLE student TO students;
Query OK, 0 rows affected (0.30 sec)

mysql> TRUNCATE TABLE students;
Query OK, 0 rows affected (0.57 sec)

mysql> DROP TABLE students;
Query OK, 0 rows affected (0.33 sec)

mysql> DROP TABLE students;[8G[4@TRUNCATE[32G[8G[9@RENAME TABLE student TO[41G[8GALTER TABLE student DROP COLUMN marks;[28GMODIFY COLUMN dept VARCHAR(10);[28GADD COLUMN age INT NOT NULL;[K[8GDESCRIBE student;[K[8GCREATE TABLE student( sno INT AUTO_INCREMENT PRIMARY KEY, name VARCHAR(50) NOT NULL, marks INT NOT NULL, dept VARCHAR(20) NOT NULL);[8GDESCRIBE student;[K
ERROR 1146 (42S02): Table 'lab.student' doesn't exist
mysql> exit
Bye
]0;ashna@ashna-aspire-e1-531: ~/s5lab[01;32mashna@ashna-aspire-e1-531[00m:[01;34m~/s5lab[00m$ mysql -u root -p[7Ptouch h.c[K[K[K[K[K[K[K[K[Kexit
exit

Script done on 2020-11-06 13:45:40+0530
